// Jest Snapshot v1, https://goo.gl/fbAQLP

exports[`AddSite renders a snapshot properly 1`] = `
<form
  onSubmit={[Function]}
>
  <div
    className="field"
  >
    <input
      className="input is-large"
      name="site"
      onChange={undefined}
      placeholder="Enter a site"
      required={true}
      type="text"
      value={undefined}
    />
  </div>
  <input
    className="button is-primary is-large is-fullwidth"
    type="submit"
    value="Submit"
  />
</form>
`;
